// Jest Snapshot v1, https://goo.gl/fbAQLP

exports[`render components tests should match the snapshot 1`] = `
<View
  accessibilityLabel="home screen"
>
  <View
    testID="ListContainer"
  >
    <Text>
      ListContainer
    </Text>
  </View>
</View>
`;
